   ??Next.js 14.1.0
   - Environments: .env.local

   Creating an optimized production build ...
 ??Compiled successfully
   Linting and checking validity of types ...
node.exe : 
위치 줄:1 문자:1
+ & "C:\Program Files\nodejs/node.ex
e" "C:\Program Files\nodejs/node_mo 
...
+ ~~~~~~~~~~~~~~~~~~~~~~~~~~~~~~~~~~
~~~~~~~~~~~~~~~~~~~~~~~~~~~~~~~~~~~
    + CategoryInfo          : NotSp 
   ecified: (:String) [], RemoteEx  
  ception
    + FullyQualifiedErrorId : Nativ 
   eCommandError
 
Failed to compile.

./src/app/actors/[id]/page.tsx
26:78  Error: `'` can be escaped wit
h `&apos;`, `&lsquo;`, `&#39;`, `&rs
quo;`.  react/no-unescaped-entities
26:99  Error: `'` can be escaped wit
h `&apos;`, `&lsquo;`, `&#39;`, `&rs
quo;`.  react/no-unescaped-entities
100:79  Error: `'` can be escaped wi
th `&apos;`, `&lsquo;`, `&#39;`, `&r
squo;`.  react/no-unescaped-entities

./src/app/admin/page.tsx
721:72  Error: `"` can be escaped wi
th `&quot;`, `&ldquo;`, `&#34;`, `&r
dquo;`.  react/no-unescaped-entities
721:91  Error: `"` can be escaped wi
th `&quot;`, `&ldquo;`, `&#34;`, `&r
dquo;`.  react/no-unescaped-entities

./src/app/contact/page.tsx
74:79  Error: `'` can be escaped wit
h `&apos;`, `&lsquo;`, `&#39;`, `&rs
quo;`.  react/no-unescaped-entities

./src/app/login/page.tsx
163:28  Error: `'` can be escaped wi
th `&apos;`, `&lsquo;`, `&#39;`, `&r
squo;`.  react/no-unescaped-entities

./src/app/page.tsx
21:8  Warning: React Hook useEffect 
has a missing dependency: 'increment
Visit'. Either include it or remove 
the dependency array.  react-hooks/e
xhaustive-deps

./src/app/video/[id]/VideoClient.tsx
35:8  Warning: React Hook useEffect 
has a missing dependency: 'increment
VideoView'. Either include it or rem
ove the dependency array.  react-hoo
ks/exhaustive-deps

info  - Need to disable some ESLint 
rules? Learn more here: https://next
js.org/docs/basic-features/eslint#di
sabling-rules
