src/app/video/[id]/VideoClient.tsx(74,29): error TS2322: Type 'string | undefined' is not assignable to type 'string'.
  Type 'undefined' is not assignable to type 'string'.
src/app/video/[id]/VideoClient.tsx(104,82): error TS18048: 'video' is possibly 'undefined'.
src/app/video/[id]/VideoClient.tsx(106,41): error TS18048: 'video' is possibly 'undefined'.
src/app/video/[id]/VideoClient.tsx(281,41): error TS2322: Type 'string | undefined' is not assignable to type 'string'.
  Type 'undefined' is not assignable to type 'string'.
